[35m[1mScanning dependencies of target tf2_msgs_generate_messages_lisp[0m
[  0%] Built target tf2_msgs_generate_messages_lisp
[35m[1mScanning dependencies of target _yesense_imu_generate_messages_check_deps_YesenseImuEulerAngle[0m
[  0%] Built target _yesense_imu_generate_messages_check_deps_YesenseImuEulerAngle
[35m[1mScanning dependencies of target _yesense_imu_generate_messages_check_deps_YesenseImuCmdResp[0m
[  0%] Built target _yesense_imu_generate_messages_check_deps_YesenseImuCmdResp
[35m[1mScanning dependencies of target _yesense_imu_generate_messages_check_deps_YesenseImuSensorData[0m
[  0%] Built target _yesense_imu_generate_messages_check_deps_YesenseImuSensorData
[35m[1mScanning dependencies of target _yesense_imu_generate_messages_check_deps_YesenseImuGpsData[0m
[  0%] Built target _yesense_imu_generate_messages_check_deps_YesenseImuGpsData
[35m[1mScanning dependencies of target _yesense_imu_generate_messages_check_deps_YesenseImuSlaveGnssData[0m
[  0%] Built target _yesense_imu_generate_messages_check_deps_YesenseImuSlaveGnssData
[35m[1mScanning dependencies of target _yesense_imu_generate_messages_check_deps_YesenseImuUtcTime[0m
[  0%] Built target _yesense_imu_generate_messages_check_deps_YesenseImuUtcTime
[35m[1mScanning dependencies of target _yesense_imu_generate_messages_check_deps_YesenseImuStatus[0m
[  0%] Built target _yesense_imu_generate_messages_check_deps_YesenseImuStatus
[35m[1mScanning dependencies of target _yesense_imu_generate_messages_check_deps_YesenseImuQuaternion[0m
[  0%] Built target _yesense_imu_generate_messages_check_deps_YesenseImuQuaternion
[35m[1mScanning dependencies of target _yesense_imu_generate_messages_check_deps_YesenseImuLocation[0m
[  0%] Built target _yesense_imu_generate_messages_check_deps_YesenseImuLocation
[35m[1mScanning dependencies of target std_msgs_generate_messages_cpp[0m
[  0%] Built target std_msgs_generate_messages_cpp
[35m[1mScanning dependencies of target _yesense_imu_generate_messages_check_deps_YesenseIMUSetting[0m
[  0%] Built target _yesense_imu_generate_messages_check_deps_YesenseIMUSetting
[35m[1mScanning dependencies of target geometry_msgs_generate_messages_cpp[0m
[  0%] Built target geometry_msgs_generate_messages_cpp
[35m[1mScanning dependencies of target _yesense_imu_generate_messages_check_deps_YesenseImuGnssData[0m
[  0%] Built target _yesense_imu_generate_messages_check_deps_YesenseImuGnssData
[35m[1mScanning dependencies of target _yesense_imu_generate_messages_check_deps_YesenseImuAllData[0m
[  0%] Built target _yesense_imu_generate_messages_check_deps_YesenseImuAllData
[35m[1mScanning dependencies of target _yesense_imu_generate_messages_check_deps_YesenseImuMasterGnssData[0m
[  0%] Built target _yesense_imu_generate_messages_check_deps_YesenseImuMasterGnssData
[35m[1mScanning dependencies of target tf2_msgs_generate_messages_nodejs[0m
[  0%] Built target tf2_msgs_generate_messages_nodejs
[35m[1mScanning dependencies of target geometry_msgs_generate_messages_eus[0m
[  0%] Built target geometry_msgs_generate_messages_eus
[35m[1mScanning dependencies of target std_msgs_generate_messages_nodejs[0m
[  0%] Built target std_msgs_generate_messages_nodejs
[35m[1mScanning dependencies of target dynamic_reconfigure_gencfg[0m
[  0%] Built target dynamic_reconfigure_gencfg
[35m[1mScanning dependencies of target std_msgs_generate_messages_lisp[0m
[  0%] Built target std_msgs_generate_messages_lisp
[35m[1mScanning dependencies of target tf2_msgs_generate_messages_py[0m
[  0%] Built target tf2_msgs_generate_messages_py
[35m[1mScanning dependencies of target dynamic_reconfigure_generate_messages_nodejs[0m
[  0%] Built target dynamic_reconfigure_generate_messages_nodejs
[35m[1mScanning dependencies of target sensor_msgs_generate_messages_cpp[0m
[  0%] Built target sensor_msgs_generate_messages_cpp
[35m[1mScanning dependencies of target std_srvs_generate_messages_lisp[0m
[  0%] Built target std_srvs_generate_messages_lisp
[35m[1mScanning dependencies of target std_msgs_generate_messages_py[0m
[  0%] Built target std_msgs_generate_messages_py
[35m[1mScanning dependencies of target dynamic_reconfigure_generate_messages_lisp[0m
[  0%] Built target dynamic_reconfigure_generate_messages_lisp
[35m[1mScanning dependencies of target tf2_msgs_generate_messages_cpp[0m
[  0%] Built target tf2_msgs_generate_messages_cpp
[35m[1mScanning dependencies of target rosgraph_msgs_generate_messages_nodejs[0m
[  0%] Built target rosgraph_msgs_generate_messages_nodejs
[35m[1mScanning dependencies of target actionlib_generate_messages_cpp[0m
[  0%] Built target actionlib_generate_messages_cpp
[35m[1mScanning dependencies of target actionlib_msgs_generate_messages_py[0m
[  0%] Built target actionlib_msgs_generate_messages_py
[35m[1mScanning dependencies of target roscpp_generate_messages_lisp[0m
[  0%] Built target roscpp_generate_messages_lisp
[35m[1mScanning dependencies of target actionlib_generate_messages_lisp[0m
[  0%] Built target actionlib_generate_messages_lisp
[35m[1mScanning dependencies of target std_srvs_generate_messages_cpp[0m
[  0%] Built target std_srvs_generate_messages_cpp
[35m[1mScanning dependencies of target std_srvs_generate_messages_nodejs[0m
[  0%] Built target std_srvs_generate_messages_nodejs
[35m[1mScanning dependencies of target tf_generate_messages_eus[0m
[  0%] Built target tf_generate_messages_eus
[35m[1mScanning dependencies of target rosgraph_msgs_generate_messages_lisp[0m
[  0%] Built target rosgraph_msgs_generate_messages_lisp
[35m[1mScanning dependencies of target dynamic_reconfigure_generate_messages_py[0m
[  0%] Built target dynamic_reconfigure_generate_messages_py
[35m[1mScanning dependencies of target actionlib_msgs_generate_messages_eus[0m
[  0%] Built target actionlib_msgs_generate_messages_eus
[35m[1mScanning dependencies of target rosgraph_msgs_generate_messages_py[0m
[  0%] Built target rosgraph_msgs_generate_messages_py
[35m[1mScanning dependencies of target roscpp_generate_messages_py[0m
[  0%] Built target roscpp_generate_messages_py
[35m[1mScanning dependencies of target roscpp_generate_messages_cpp[0m
[  0%] Built target roscpp_generate_messages_cpp
[35m[1mScanning dependencies of target roscpp_generate_messages_eus[0m
[  0%] Built target roscpp_generate_messages_eus
[35m[1mScanning dependencies of target dynamic_reconfigure_generate_messages_cpp[0m
[  0%] Built target dynamic_reconfigure_generate_messages_cpp
[35m[1mScanning dependencies of target tf_generate_messages_lisp[0m
[  0%] Built target tf_generate_messages_lisp
[35m[1mScanning dependencies of target geometry_msgs_generate_messages_lisp[0m
[  0%] Built target geometry_msgs_generate_messages_lisp
[35m[1mScanning dependencies of target tf_generate_messages_cpp[0m
[  0%] Built target tf_generate_messages_cpp
[35m[1mScanning dependencies of target roscpp_generate_messages_nodejs[0m
[  0%] Built target roscpp_generate_messages_nodejs
[35m[1mScanning dependencies of target std_srvs_generate_messages_py[0m
[  0%] Built target std_srvs_generate_messages_py
[35m[1mScanning dependencies of target rosgraph_msgs_generate_messages_eus[0m
[  0%] Built target rosgraph_msgs_generate_messages_eus
[35m[1mScanning dependencies of target dynamic_reconfigure_generate_messages_eus[0m
[  0%] Built target dynamic_reconfigure_generate_messages_eus
[35m[1mScanning dependencies of target geometry_msgs_generate_messages_nodejs[0m
[  0%] Built target geometry_msgs_generate_messages_nodejs
[35m[1mScanning dependencies of target geometry_msgs_generate_messages_py[0m
[  0%] Built target geometry_msgs_generate_messages_py
[35m[1mScanning dependencies of target tf2_msgs_generate_messages_eus[0m
[  0%] Built target tf2_msgs_generate_messages_eus
[35m[1mScanning dependencies of target sensor_msgs_generate_messages_py[0m
[  0%] Built target sensor_msgs_generate_messages_py
[35m[1mScanning dependencies of target sensor_msgs_generate_messages_eus[0m
[  0%] Built target sensor_msgs_generate_messages_eus
[35m[1mScanning dependencies of target sensor_msgs_generate_messages_lisp[0m
[  0%] Built target sensor_msgs_generate_messages_lisp
[35m[1mScanning dependencies of target sensor_msgs_generate_messages_nodejs[0m
[  0%] Built target sensor_msgs_generate_messages_nodejs
[35m[1mScanning dependencies of target std_srvs_generate_messages_eus[0m
[  0%] Built target std_srvs_generate_messages_eus
[35m[1mScanning dependencies of target tf_generate_messages_nodejs[0m
[  0%] Built target tf_generate_messages_nodejs
[35m[1mScanning dependencies of target rosgraph_msgs_generate_messages_cpp[0m
[  0%] Built target rosgraph_msgs_generate_messages_cpp
[35m[1mScanning dependencies of target actionlib_generate_messages_eus[0m
[  0%] Built target actionlib_generate_messages_eus
[35m[1mScanning dependencies of target actionlib_msgs_generate_messages_cpp[0m
[  0%] Built target actionlib_msgs_generate_messages_cpp
[35m[1mScanning dependencies of target actionlib_generate_messages_nodejs[0m
[  0%] Built target actionlib_generate_messages_nodejs
[35m[1mScanning dependencies of target actionlib_generate_messages_py[0m
[  0%] Built target actionlib_generate_messages_py
[35m[1mScanning dependencies of target tf_generate_messages_py[0m
[  0%] Built target tf_generate_messages_py
[35m[1mScanning dependencies of target std_msgs_generate_messages_eus[0m
[  0%] Built target std_msgs_generate_messages_eus
[35m[1mScanning dependencies of target actionlib_msgs_generate_messages_nodejs[0m
[  0%] Built target actionlib_msgs_generate_messages_nodejs
[35m[1mScanning dependencies of target actionlib_msgs_generate_messages_lisp[0m
[  0%] Built target actionlib_msgs_generate_messages_lisp
[35m[1mScanning dependencies of target yesense_imu_generate_messages_py[0m
[  1%] [34m[1mGenerating Python from MSG yesense_imu/YesenseIMUSetting[0m
[  2%] [34m[1mGenerating Python from MSG yesense_imu/YesenseImuEulerAngle[0m
[  4%] [34m[1mGenerating Python from MSG yesense_imu/YesenseImuLocation[0m
[  5%] [34m[1mGenerating Python from MSG yesense_imu/YesenseImuQuaternion[0m
[  6%] [34m[1mGenerating Python from MSG yesense_imu/YesenseImuStatus[0m
[  8%] [34m[1mGenerating Python from MSG yesense_imu/YesenseImuUtcTime[0m
[  9%] [34m[1mGenerating Python from MSG yesense_imu/YesenseImuMasterGnssData[0m
[ 11%] [34m[1mGenerating Python from MSG yesense_imu/YesenseImuSlaveGnssData[0m
[ 12%] [34m[1mGenerating Python from MSG yesense_imu/YesenseImuGnssData[0m
[35m[1mScanning dependencies of target yesense_imu_generate_messages_nodejs[0m
[ 13%] [34m[1mGenerating Javascript code from yesense_imu/YesenseIMUSetting.msg[0m
[ 15%] [34m[1mGenerating Javascript code from yesense_imu/YesenseImuEulerAngle.msg[0m
[ 16%] [34m[1mGenerating Python from MSG yesense_imu/YesenseImuGpsData[0m
[ 18%] [34m[1mGenerating Javascript code from yesense_imu/YesenseImuLocation.msg[0m
[ 19%] [34m[1mGenerating Javascript code from yesense_imu/YesenseImuQuaternion.msg[0m
[ 20%] [34m[1mGenerating Python from MSG yesense_imu/YesenseImuSensorData[0m
[ 22%] [34m[1mGenerating Javascript code from yesense_imu/YesenseImuStatus.msg[0m
[ 23%] [34m[1mGenerating Javascript code from yesense_imu/YesenseImuUtcTime.msg[0m
[ 25%] [34m[1mGenerating Python from MSG yesense_imu/YesenseImuAllData[0m
[ 26%] [34m[1mGenerating Javascript code from yesense_imu/YesenseImuMasterGnssData.msg[0m
[ 27%] [34m[1mGenerating Python from MSG yesense_imu/YesenseImuCmdResp[0m
[ 29%] [34m[1mGenerating Javascript code from yesense_imu/YesenseImuSlaveGnssData.msg[0m
[ 30%] [34m[1mGenerating Javascript code from yesense_imu/YesenseImuGnssData.msg[0m
[ 31%] [34m[1mGenerating Javascript code from yesense_imu/YesenseImuGpsData.msg[0m
[ 33%] [34m[1mGenerating Javascript code from yesense_imu/YesenseImuSensorData.msg[0m
[ 34%] [34m[1mGenerating Javascript code from yesense_imu/YesenseImuCmdResp.msg[0m
[ 36%] [34m[1mGenerating Javascript code from yesense_imu/YesenseImuAllData.msg[0m
[ 37%] [34m[1mGenerating Python msg __init__.py for yesense_imu[0m
[35m[1mScanning dependencies of target yesense_imu_generate_messages_eus[0m
[35m[1mScanning dependencies of target yesense_imu_generate_messages_lisp[0m
[ 37%] Built target yesense_imu_generate_messages_nodejs
[ 38%] [34m[1mGenerating EusLisp code from yesense_imu/YesenseIMUSetting.msg[0m
[ 40%] [34m[1mGenerating Lisp code from yesense_imu/YesenseIMUSetting.msg[0m
[35m[1mScanning dependencies of target yesense_imu_gencfg[0m
[ 41%] [34m[1mGenerating dynamic reconfigure files from cfg/Yesense.cfg: /home/ludan/old_ws/devel/.private/yesense_imu/include/yesense_imu/YesenseConfig.h /home/ludan/old_ws/devel/.private/yesense_imu/lib/python3/dist-packages/yesense_imu/cfg/YesenseConfig.py[0m
[ 43%] [34m[1mGenerating Lisp code from yesense_imu/YesenseImuEulerAngle.msg[0m
Generating reconfiguration files for YesenseNode in yesense_imu
Wrote header file in /home/ludan/old_ws/devel/.private/yesense_imu/include/yesense_imu/YesenseNodeConfig.h
[ 44%] [34m[1mGenerating EusLisp code from yesense_imu/YesenseImuEulerAngle.msg[0m
[ 45%] [34m[1mGenerating EusLisp code from yesense_imu/YesenseImuLocation.msg[0m
[ 47%] [34m[1mGenerating Lisp code from yesense_imu/YesenseImuLocation.msg[0m
[ 47%] Built target yesense_imu_gencfg
[ 48%] [34m[1mGenerating EusLisp code from yesense_imu/YesenseImuQuaternion.msg[0m
[ 50%] [34m[1mGenerating EusLisp code from yesense_imu/YesenseImuStatus.msg[0m
[ 51%] [34m[1mGenerating Lisp code from yesense_imu/YesenseImuQuaternion.msg[0m
[ 52%] [34m[1mGenerating Lisp code from yesense_imu/YesenseImuStatus.msg[0m
[ 52%] Built target yesense_imu_generate_messages_py
[ 54%] [34m[1mGenerating Lisp code from yesense_imu/YesenseImuUtcTime.msg[0m
[35m[1mScanning dependencies of target yesense_imu_generate_messages_cpp[0m
[ 55%] [34m[1mGenerating EusLisp code from yesense_imu/YesenseImuUtcTime.msg[0m
[ 56%] [34m[1mGenerating C++ code from yesense_imu/YesenseIMUSetting.msg[0m
[ 58%] [34m[1mGenerating Lisp code from yesense_imu/YesenseImuMasterGnssData.msg[0m
[ 59%] [34m[1mGenerating Lisp code from yesense_imu/YesenseImuSlaveGnssData.msg[0m
[ 61%] [34m[1mGenerating EusLisp code from yesense_imu/YesenseImuMasterGnssData.msg[0m
[ 62%] [34m[1mGenerating Lisp code from yesense_imu/YesenseImuGnssData.msg[0m
[ 63%] [34m[1mGenerating Lisp code from yesense_imu/YesenseImuGpsData.msg[0m
[ 65%] [34m[1mGenerating Lisp code from yesense_imu/YesenseImuSensorData.msg[0m
[ 66%] [34m[1mGenerating C++ code from yesense_imu/YesenseImuEulerAngle.msg[0m
[ 68%] [34m[1mGenerating Lisp code from yesense_imu/YesenseImuAllData.msg[0m
[ 69%] [34m[1mGenerating C++ code from yesense_imu/YesenseImuLocation.msg[0m
[ 72%] [34m[1mGenerating EusLisp code from yesense_imu/YesenseImuSlaveGnssData.msg[0m
[ 72%] [34m[1mGenerating Lisp code from yesense_imu/YesenseImuCmdResp.msg[0m
[ 73%] [34m[1mGenerating EusLisp code from yesense_imu/YesenseImuGnssData.msg[0m
[ 75%] [34m[1mGenerating EusLisp code from yesense_imu/YesenseImuGpsData.msg[0m
[ 75%] Built target yesense_imu_generate_messages_lisp
[ 76%] [34m[1mGenerating C++ code from yesense_imu/YesenseImuQuaternion.msg[0m
[ 79%] [34m[1mGenerating C++ code from yesense_imu/YesenseImuStatus.msg[0m
[ 79%] [34m[1mGenerating EusLisp code from yesense_imu/YesenseImuSensorData.msg[0m
[ 80%] [34m[1mGenerating C++ code from yesense_imu/YesenseImuUtcTime.msg[0m
[ 81%] [34m[1mGenerating EusLisp code from yesense_imu/YesenseImuAllData.msg[0m
[ 83%] [34m[1mGenerating EusLisp code from yesense_imu/YesenseImuCmdResp.msg[0m
[ 84%] [34m[1mGenerating EusLisp manifest code for yesense_imu[0m
[ 86%] [34m[1mGenerating C++ code from yesense_imu/YesenseImuMasterGnssData.msg[0m
[ 87%] [34m[1mGenerating C++ code from yesense_imu/YesenseImuSlaveGnssData.msg[0m
[ 88%] [34m[1mGenerating C++ code from yesense_imu/YesenseImuGnssData.msg[0m
[ 90%] [34m[1mGenerating C++ code from yesense_imu/YesenseImuGpsData.msg[0m
[ 91%] [34m[1mGenerating C++ code from yesense_imu/YesenseImuSensorData.msg[0m
[ 93%] [34m[1mGenerating C++ code from yesense_imu/YesenseImuAllData.msg[0m
[ 94%] [34m[1mGenerating C++ code from yesense_imu/YesenseImuCmdResp.msg[0m
[ 94%] Built target yesense_imu_generate_messages_cpp
[35m[1mScanning dependencies of target yesense_imu_gencpp[0m
[ 94%] Built target yesense_imu_gencpp
[35m[1mScanning dependencies of target yesense_imu_node[0m
[ 97%] [32mBuilding CXX object CMakeFiles/yesense_imu_node.dir/src/analysis_data.cpp.o[0m
[ 97%] [32mBuilding CXX object CMakeFiles/yesense_imu_node.dir/src/yesense_node.cpp.o[0m
[ 98%] [32mBuilding CXX object CMakeFiles/yesense_imu_node.dir/src/yesense_driver.cpp.o[0m
[ 98%] Built target yesense_imu_generate_messages_eus
[35m[1mScanning dependencies of target yesense_imu_generate_messages[0m
[ 98%] Built target yesense_imu_generate_messages
[100%] [32m[1mLinking CXX executable /home/ludan/old_ws/devel/.private/yesense_imu/lib/yesense_imu/yesense_imu_node[0m
[100%] Built target yesense_imu_node
