Symlinking /home/ludan/old_ws/devel/lib/python3/dist-packages/yesense_imu/__init__.py
Symlinking /home/ludan/old_ws/devel/lib/python3/dist-packages/yesense_imu/msg/_YesenseImuMasterGnssData.py
Symlinking /home/ludan/old_ws/devel/lib/python3/dist-packages/yesense_imu/msg/_YesenseIMUSetting.py
Symlinking /home/ludan/old_ws/devel/lib/python3/dist-packages/yesense_imu/msg/__init__.py
Symlinking /home/ludan/old_ws/devel/lib/python3/dist-packages/yesense_imu/msg/_YesenseImuGnssData.py
Symlinking /home/ludan/old_ws/devel/lib/python3/dist-packages/yesense_imu/msg/_YesenseImuQuaternion.py
Symlinking /home/ludan/old_ws/devel/lib/python3/dist-packages/yesense_imu/msg/_YesenseImuUtcTime.py
Symlinking /home/ludan/old_ws/devel/lib/python3/dist-packages/yesense_imu/msg/_YesenseImuSlaveGnssData.py
Symlinking /home/ludan/old_ws/devel/lib/python3/dist-packages/yesense_imu/msg/_YesenseImuAllData.py
Symlinking /home/ludan/old_ws/devel/lib/python3/dist-packages/yesense_imu/msg/_YesenseImuStatus.py
Symlinking /home/ludan/old_ws/devel/lib/python3/dist-packages/yesense_imu/msg/_YesenseImuCmdResp.py
Symlinking /home/ludan/old_ws/devel/lib/python3/dist-packages/yesense_imu/msg/_YesenseImuGpsData.py
Symlinking /home/ludan/old_ws/devel/lib/python3/dist-packages/yesense_imu/msg/_YesenseImuSensorData.py
Symlinking /home/ludan/old_ws/devel/lib/python3/dist-packages/yesense_imu/msg/_YesenseImuLocation.py
Symlinking /home/ludan/old_ws/devel/lib/python3/dist-packages/yesense_imu/msg/_YesenseImuEulerAngle.py
Symlinking /home/ludan/old_ws/devel/lib/python3/dist-packages/yesense_imu/cfg/YesenseNodeConfig.py
Symlinking /home/ludan/old_ws/devel/lib/python3/dist-packages/yesense_imu/cfg/__init__.py
Symlinking /home/ludan/old_ws/devel/lib/yesense_imu/yesense_imu_node
Symlinking /home/ludan/old_ws/devel/lib/pkgconfig/yesense_imu.pc
Symlinking /home/ludan/old_ws/devel/include/yesense_imu/YesenseImuMasterGnssData.h
Symlinking /home/ludan/old_ws/devel/include/yesense_imu/YesenseImuSlaveGnssData.h
Symlinking /home/ludan/old_ws/devel/include/yesense_imu/YesenseImuUtcTime.h
Symlinking /home/ludan/old_ws/devel/include/yesense_imu/YesenseImuLocation.h
Symlinking /home/ludan/old_ws/devel/include/yesense_imu/YesenseImuGnssData.h
Symlinking /home/ludan/old_ws/devel/include/yesense_imu/YesenseNodeConfig.h
Symlinking /home/ludan/old_ws/devel/include/yesense_imu/YesenseImuCmdResp.h
Symlinking /home/ludan/old_ws/devel/include/yesense_imu/YesenseImuAllData.h
Symlinking /home/ludan/old_ws/devel/include/yesense_imu/YesenseImuEulerAngle.h
Symlinking /home/ludan/old_ws/devel/include/yesense_imu/YesenseImuQuaternion.h
Symlinking /home/ludan/old_ws/devel/include/yesense_imu/YesenseImuGpsData.h
Symlinking /home/ludan/old_ws/devel/include/yesense_imu/YesenseImuStatus.h
Symlinking /home/ludan/old_ws/devel/include/yesense_imu/YesenseIMUSetting.h
Symlinking /home/ludan/old_ws/devel/include/yesense_imu/YesenseImuSensorData.h
Symlinking /home/ludan/old_ws/devel/share/roseus/ros/yesense_imu/manifest.l
Symlinking /home/ludan/old_ws/devel/share/roseus/ros/yesense_imu/msg/YesenseImuStatus.l
Symlinking /home/ludan/old_ws/devel/share/roseus/ros/yesense_imu/msg/YesenseImuAllData.l
Symlinking /home/ludan/old_ws/devel/share/roseus/ros/yesense_imu/msg/YesenseImuMasterGnssData.l
Symlinking /home/ludan/old_ws/devel/share/roseus/ros/yesense_imu/msg/YesenseImuQuaternion.l
Symlinking /home/ludan/old_ws/devel/share/roseus/ros/yesense_imu/msg/YesenseImuSlaveGnssData.l
Symlinking /home/ludan/old_ws/devel/share/roseus/ros/yesense_imu/msg/YesenseImuLocation.l
Symlinking /home/ludan/old_ws/devel/share/roseus/ros/yesense_imu/msg/YesenseImuSensorData.l
Symlinking /home/ludan/old_ws/devel/share/roseus/ros/yesense_imu/msg/YesenseImuUtcTime.l
Symlinking /home/ludan/old_ws/devel/share/roseus/ros/yesense_imu/msg/YesenseImuEulerAngle.l
Symlinking /home/ludan/old_ws/devel/share/roseus/ros/yesense_imu/msg/YesenseImuGpsData.l
Symlinking /home/ludan/old_ws/devel/share/roseus/ros/yesense_imu/msg/YesenseImuCmdResp.l
Symlinking /home/ludan/old_ws/devel/share/roseus/ros/yesense_imu/msg/YesenseIMUSetting.l
Symlinking /home/ludan/old_ws/devel/share/roseus/ros/yesense_imu/msg/YesenseImuGnssData.l
Symlinking /home/ludan/old_ws/devel/share/common-lisp/ros/yesense_imu/msg/_package_YesenseImuGnssData.lisp
Symlinking /home/ludan/old_ws/devel/share/common-lisp/ros/yesense_imu/msg/YesenseImuLocation.lisp
Symlinking /home/ludan/old_ws/devel/share/common-lisp/ros/yesense_imu/msg/_package_YesenseImuMasterGnssData.lisp
Symlinking /home/ludan/old_ws/devel/share/common-lisp/ros/yesense_imu/msg/YesenseImuSlaveGnssData.lisp
Symlinking /home/ludan/old_ws/devel/share/common-lisp/ros/yesense_imu/msg/YesenseImuGpsData.lisp
Symlinking /home/ludan/old_ws/devel/share/common-lisp/ros/yesense_imu/msg/_package_YesenseIMUSetting.lisp
Symlinking /home/ludan/old_ws/devel/share/common-lisp/ros/yesense_imu/msg/YesenseImuQuaternion.lisp
Symlinking /home/ludan/old_ws/devel/share/common-lisp/ros/yesense_imu/msg/YesenseImuUtcTime.lisp
Symlinking /home/ludan/old_ws/devel/share/common-lisp/ros/yesense_imu/msg/_package.lisp
Symlinking /home/ludan/old_ws/devel/share/common-lisp/ros/yesense_imu/msg/YesenseImuAllData.lisp
Symlinking /home/ludan/old_ws/devel/share/common-lisp/ros/yesense_imu/msg/YesenseImuSensorData.lisp
Symlinking /home/ludan/old_ws/devel/share/common-lisp/ros/yesense_imu/msg/_package_YesenseImuEulerAngle.lisp
Symlinking /home/ludan/old_ws/devel/share/common-lisp/ros/yesense_imu/msg/_package_YesenseImuAllData.lisp
Symlinking /home/ludan/old_ws/devel/share/common-lisp/ros/yesense_imu/msg/YesenseImuMasterGnssData.lisp
Symlinking /home/ludan/old_ws/devel/share/common-lisp/ros/yesense_imu/msg/_package_YesenseImuUtcTime.lisp
Symlinking /home/ludan/old_ws/devel/share/common-lisp/ros/yesense_imu/msg/_package_YesenseImuSensorData.lisp
Symlinking /home/ludan/old_ws/devel/share/common-lisp/ros/yesense_imu/msg/YesenseImuCmdResp.lisp
Symlinking /home/ludan/old_ws/devel/share/common-lisp/ros/yesense_imu/msg/_package_YesenseImuGpsData.lisp
Symlinking /home/ludan/old_ws/devel/share/common-lisp/ros/yesense_imu/msg/_package_YesenseImuLocation.lisp
Symlinking /home/ludan/old_ws/devel/share/common-lisp/ros/yesense_imu/msg/_package_YesenseImuSlaveGnssData.lisp
Symlinking /home/ludan/old_ws/devel/share/common-lisp/ros/yesense_imu/msg/YesenseImuEulerAngle.lisp
Symlinking /home/ludan/old_ws/devel/share/common-lisp/ros/yesense_imu/msg/YesenseIMUSetting.lisp
Symlinking /home/ludan/old_ws/devel/share/common-lisp/ros/yesense_imu/msg/yesense_imu-msg.asd
Symlinking /home/ludan/old_ws/devel/share/common-lisp/ros/yesense_imu/msg/_package_YesenseImuCmdResp.lisp
Symlinking /home/ludan/old_ws/devel/share/common-lisp/ros/yesense_imu/msg/_package_YesenseImuQuaternion.lisp
Symlinking /home/ludan/old_ws/devel/share/common-lisp/ros/yesense_imu/msg/YesenseImuGnssData.lisp
Symlinking /home/ludan/old_ws/devel/share/common-lisp/ros/yesense_imu/msg/_package_YesenseImuStatus.lisp
Symlinking /home/ludan/old_ws/devel/share/common-lisp/ros/yesense_imu/msg/YesenseImuStatus.lisp
Symlinking /home/ludan/old_ws/devel/share/yesense_imu/cmake/yesense_imu-msg-paths.cmake
Symlinking /home/ludan/old_ws/devel/share/yesense_imu/cmake/yesense_imu-msg-extras.cmake
Symlinking /home/ludan/old_ws/devel/share/yesense_imu/cmake/yesense_imuConfig-version.cmake
Symlinking /home/ludan/old_ws/devel/share/yesense_imu/cmake/yesense_imuConfig.cmake
Symlinking /home/ludan/old_ws/devel/share/yesense_imu/docs/YesenseNodeConfig.wikidoc
Symlinking /home/ludan/old_ws/devel/share/yesense_imu/docs/YesenseNodeConfig.dox
Symlinking /home/ludan/old_ws/devel/share/yesense_imu/docs/YesenseNodeConfig-usage.dox
Symlinking /home/ludan/old_ws/devel/share/gennodejs/ros/yesense_imu/_index.js
Symlinking /home/ludan/old_ws/devel/share/gennodejs/ros/yesense_imu/msg/YesenseImuLocation.js
Symlinking /home/ludan/old_ws/devel/share/gennodejs/ros/yesense_imu/msg/YesenseImuQuaternion.js
Symlinking /home/ludan/old_ws/devel/share/gennodejs/ros/yesense_imu/msg/YesenseImuAllData.js
Symlinking /home/ludan/old_ws/devel/share/gennodejs/ros/yesense_imu/msg/YesenseIMUSetting.js
Symlinking /home/ludan/old_ws/devel/share/gennodejs/ros/yesense_imu/msg/YesenseImuMasterGnssData.js
Symlinking /home/ludan/old_ws/devel/share/gennodejs/ros/yesense_imu/msg/YesenseImuStatus.js
Symlinking /home/ludan/old_ws/devel/share/gennodejs/ros/yesense_imu/msg/_index.js
Symlinking /home/ludan/old_ws/devel/share/gennodejs/ros/yesense_imu/msg/YesenseImuSensorData.js
Symlinking /home/ludan/old_ws/devel/share/gennodejs/ros/yesense_imu/msg/YesenseImuUtcTime.js
Symlinking /home/ludan/old_ws/devel/share/gennodejs/ros/yesense_imu/msg/YesenseImuGpsData.js
Symlinking /home/ludan/old_ws/devel/share/gennodejs/ros/yesense_imu/msg/YesenseImuGnssData.js
Symlinking /home/ludan/old_ws/devel/share/gennodejs/ros/yesense_imu/msg/YesenseImuSlaveGnssData.js
Symlinking /home/ludan/old_ws/devel/share/gennodejs/ros/yesense_imu/msg/YesenseImuEulerAngle.js
Symlinking /home/ludan/old_ws/devel/share/gennodejs/ros/yesense_imu/msg/YesenseImuCmdResp.js
